node : C:\Users\Youssef
\OneDrive\Desktop\EduVi
sionAI\backend\node_mod
ules\groq-sdk\client.js
:60
At line:1 char:1
+ node test-whisper.js 
> test-output.txt 2>&1 
; cat test-output.txt 
| S ...
+ ~~~~~~~~~~~~~~~~~~~~~
~~~~~~~~~~~~~~~~~~~~~~
    + CategoryInfo     
         : NotSpecifi  
  ed: (C:\Users\Yous   
 se...dk\client.js:    
60:String) [], Rem    
oteException
    + FullyQualifiedEr 
   rorId : NativeComm  
  andError
 
            throw new 
Errors.GroqError("The 
GROQ_API_KEY 
environment variable 
is missing or empty; 
either provide it, or 
instantiate the Groq 
client with an apiKey 
option, like new 
Groq({ apiKey: 'My API 
Key' }).");
            ^

GroqError: The 
GROQ_API_KEY 
environment variable 
is missing or empty; 
either provide it, or 
instantiate the Groq 
client with an apiKey 
option, like new 
Groq({ apiKey: 'My API 
Key' }).
    at new Groq (C:\Use
rs\Youssef\OneDrive\Des
ktop\EduVisionAI\backen
d\node_modules\groq-sdk
\client.js:60:19)
    at new 
module.exports (C:\User
s\Youssef\OneDrive\Desk
top\EduVisionAI\backend
\node_modules\groq-sdk\
index.js:4:10)
    at 
Object.<anonymous> (C:\
Users\Youssef\OneDrive\
Desktop\EduVisionAI\bac
kend\services\openaiSer
vice.js:5:14)
    at Module._compile 
(node:internal/modules/
cjs/loader:1706:14)
    at Object..js (node
:internal/modules/cjs/l
oader:1839:10)
    at Module.load (nod
e:internal/modules/cjs/
loader:1441:32)
    at Function._load (
node:internal/modules/c
js/loader:1263:12)
    at TracingChannel.t
raceSync (node:diagnost
ics_channel:322:14)
    at wrapModuleLoad (
node:internal/modules/c
js/loader:237:24)
    at Module.require (
node:internal/modules/c
js/loader:1463:12)

Node.js v22.20.0
